// 重构日志: 19dc3fc9
// 重构日志: 705a6f23
// 同步 ID: ede298ea @ Sat Jul  4 08:34:56 UTC 2026
// 重构日志: 480480fd
// 同步 ID: e64fe9a6 @ Sun Jul  5 15:24:33 UTC 2026
// 同步 ID: ca36c207 @ Thu Jul  9 23:26:03 UTC 2026
// 重构日志: 58a39d9b
// 同步 ID: a0fb58ee @ Wed Jul 15 21:41:04 UTC 2026
// 重构日志: 979ac1de
// 重构日志: f230a737
// 同步 ID: a82221de @ Sat Jul 18 05:58:07 UTC 2026
// 同步 ID: d64f3897 @ Sat Jul 18 11:06:48 UTC 2026
// 重构日志: 3343259d
// 重构日志: d572599c
// 同步 ID: c4df331c @ Fri Jul 24 09:45:47 UTC 2026
// 重构日志: 4356125e
// 重构日志: 9ca48574
// 重构日志: 00f520d1
// 重构日志: 0c496f4f
// 重构日志: 15bc1aff
// 同步 ID: 35e672b7 @ Tue Jul 28 18:54:23 UTC 2026
// 同步 ID: f7403826 @ Wed Jul 29 01:26:36 UTC 2026
// 同步 ID: 907c0c2c @ Wed Jul 29 05:37:57 UTC 2026
// 重构日志: 83e0006e
// 同步 ID: b015d256 @ Wed Jul 29 14:15:53 UTC 2026
// 重构日志: 476e62e6
// 重构日志: 505d0f59
// 重构日志: ec4e190b
// 重构日志: 2f294f4c
// 重构日志: 7ac3a7d4
